------------------------------------------------------------
TimeQuest Timing Analyzer Summary
------------------------------------------------------------

Type  : Slow 1100mV 85C Model Setup 'CLOCK_50'
Slack : 16.332
TNS   : 0.000

Type  : Slow 1100mV 85C Model Setup 'clk'
Slack : 20.292
TNS   : 0.000

Type  : Slow 1100mV 85C Model Hold 'CLOCK_50'
Slack : 0.463
TNS   : 0.000

Type  : Slow 1100mV 85C Model Hold 'clk'
Slack : 1.361
TNS   : 0.000

Type  : Slow 1100mV 85C Model Minimum Pulse Width 'CLOCK_50'
Slack : 8.958
TNS   : 0.000

Type  : Slow 1100mV 85C Model Minimum Pulse Width 'clk'
Slack : 16.706
TNS   : 0.000

Type  : Slow 1100mV 0C Model Setup 'CLOCK_50'
Slack : 16.240
TNS   : 0.000

Type  : Slow 1100mV 0C Model Setup 'clk'
Slack : 20.619
TNS   : 0.000

Type  : Slow 1100mV 0C Model Hold 'CLOCK_50'
Slack : 0.464
TNS   : 0.000

Type  : Slow 1100mV 0C Model Hold 'clk'
Slack : 1.298
TNS   : 0.000

Type  : Slow 1100mV 0C Model Minimum Pulse Width 'CLOCK_50'
Slack : 8.986
TNS   : 0.000

Type  : Slow 1100mV 0C Model Minimum Pulse Width 'clk'
Slack : 16.730
TNS   : 0.000

Type  : Fast 1100mV 85C Model Setup 'CLOCK_50'
Slack : 17.775
TNS   : 0.000

Type  : Fast 1100mV 85C Model Setup 'clk'
Slack : 27.954
TNS   : 0.000

Type  : Fast 1100mV 85C Model Hold 'CLOCK_50'
Slack : 0.283
TNS   : 0.000

Type  : Fast 1100mV 85C Model Hold 'clk'
Slack : 0.692
TNS   : 0.000

Type  : Fast 1100mV 85C Model Minimum Pulse Width 'CLOCK_50'
Slack : 8.529
TNS   : 0.000

Type  : Fast 1100mV 85C Model Minimum Pulse Width 'clk'
Slack : 17.829
TNS   : 0.000

Type  : Fast 1100mV 0C Model Setup 'CLOCK_50'
Slack : 17.912
TNS   : 0.000

Type  : Fast 1100mV 0C Model Setup 'clk'
Slack : 29.101
TNS   : 0.000

Type  : Fast 1100mV 0C Model Hold 'CLOCK_50'
Slack : 0.271
TNS   : 0.000

Type  : Fast 1100mV 0C Model Hold 'clk'
Slack : 0.627
TNS   : 0.000

Type  : Fast 1100mV 0C Model Minimum Pulse Width 'CLOCK_50'
Slack : 8.482
TNS   : 0.000

Type  : Fast 1100mV 0C Model Minimum Pulse Width 'clk'
Slack : 17.919
TNS   : 0.000

------------------------------------------------------------
